Relatório de Atualização - 12/08/2026 09:47:30
==================================================

Apólice ID: a00SG00000lFIGUYA4
  - Cotacao__c: DE '' PARA '0Q0SG00000H43aD0AR'

Apólice ID: a00SG00000lFIGUYA4
  - Cotacao__c: DE '' PARA '0Q0SG00000H43aD0AR'

Apólice ID: a00SG00000ksZpjYAE
  - Numero_da_Apolice__c: DE '31515' PARA '930230509'
  - Proposta__c: DE '253003' PARA '255585'
  - Data_de_Emissao__c: DE '2026-06-29' PARA '2026-08-11'
  - Status__c: DE 'Cancelada' PARA 'Ativa'

Apólice ID: a00SG00000lFIGUYA4
  - Cotacao__c: DE '' PARA '0Q0SG00000H43aD0AR'

Apólice ID: a00SG00000ddgx3YAA
  - Proposta__c: DE '253032' PARA '255538'
  - Data_de_Emissao__c: DE '2026-06-25' PARA '2026-08-01'

Apólice ID: a00SG00000ddgx3YAA
  - Proposta__c: DE '253032' PARA '255538'
  - Data_de_Emissao__c: DE '2026-06-25' PARA '2026-08-01'

Apólice ID: a00SG00000ksZpiYAE
  - Proposta__c: DE '' PARA '252992'
  - Cotacao__c: DE '' PARA '0Q0SG00000H11590AB'

Apólice ID: a00SG00000ddgx3YAA
  - Proposta__c: DE '253032' PARA '255538'
  - Data_de_Emissao__c: DE '2026-06-25' PARA '2026-08-01'

Apólice ID: a00SG00000ksZpiYAE
  - Proposta__c: DE '' PARA '252992'
  - Cotacao__c: DE '' PARA '0Q0SG00000H11590AB'

Apólice ID: a00SG00000ddgx3YAA
  - Proposta__c: DE '253032' PARA '255538'
  - Data_de_Emissao__c: DE '2026-06-25' PARA '2026-08-01'

Apólice ID: a00SG00000ddgx3YAA
  - Proposta__c: DE '253032' PARA '255538'
  - Data_de_Emissao__c: DE '2026-06-25' PARA '2026-08-01'

Apólice ID: a00SG00000ddgx3YAA
  - Proposta__c: DE '253032' PARA '255538'
  - Data_de_Emissao__c: DE '2026-06-25' PARA '2026-08-01'

Apólice ID: a00SG00000ddgx3YAA
  - Proposta__c: DE '253032' PARA '255538'
  - Data_de_Emissao__c: DE '2026-06-25' PARA '2026-08-01'

Apólice ID: a00SG00000ddgx3YAA
  - Proposta__c: DE '253032' PARA '255538'
  - Data_de_Emissao__c: DE '2026-06-25' PARA '2026-08-01'

Apólice ID: a00SG00000ddgx3YAA
  - Proposta__c: DE '253032' PARA '255538'
  - Data_de_Emissao__c: DE '2026-06-25' PARA '2026-08-01'

Apólice ID: a00SG00000ksZpdYAE
  - Cotacao__c: DE '0Q0SG00000G3kO' PARA '0Q0SG00000G3kOT0AZ'

Apólice ID: a00SG00000lUTzUYAW
  - Cotacao__c: DE '0Q0SG00000H7xE' PARA '0Q0SG00000H7xET0AZ'

Apólice ID: a00SG00000l9jHdYAI
  - Cotacao__c: DE '0Q0SG00000H1' PARA '0Q0SG00000H1TuD0AV'

Apólice ID: a00SG00000kgrWvYAI
  - Cotacao__c: DE '0Q0SG00000Gg' PARA '0Q0SG00000GgTFh0AN'

Apólice ID: a00SG00000l9jHeYAI
  - Cotacao__c: DE '0Q0SG00000H1' PARA '0Q0SG00000H1TFt0AN'

Apólice ID: a00SG00000l9jHfYAI
  - Cotacao__c: DE '0Q0SG00000H1' PARA '0Q0SG00000H1TkX0AV'

Apólice ID: a00SG00000kbt84YAA
  - Cotacao__c: DE '0Q0SG00000Gnck' PARA '0Q0SG00000GnckT0AR'

Apólice ID: a00SG00000kTHMVYA4
  - Cotacao__c: DE '0Q0SG00000GUwoX0A' PARA '0Q0SG00000GUwoX0AT'

Apólice ID: a00SG00000kTHMXYA4
  - Cotacao__c: DE '0Q0SG00000GMnnG0A' PARA '0Q0SG00000GMnnG0AT'

