Relatório de Atualização - 11/08/2026 09:47:03
==================================================

Apólice ID: a00SG00000ksZpiYAE
  - Data_de_Emissao__c: DE '' PARA '2026-06-25'

Apólice ID: a00SG00000ksZpiYAE
  - Data_de_Emissao__c: DE '' PARA '2026-06-25'

Apólice ID: a00SG00000ksZpdYAE
  - Proposta__c: DE '' PARA '253006'
  - Data_de_Emissao__c: DE '' PARA '2026-06-25'
  - Cotacao__c: DE '0Q0SG00000G3kO' PARA '0Q0SG00000G3kOT0AZ'

Apólice ID: a00SG00000ddgx3YAA
  - Proposta__c: DE '253030' PARA '255537'
  - Data_de_Emissao__c: DE '' PARA '2026-08-01'
  - Cotacao__c: DE '' PARA '0Q0SG00000ExH810AF'

Apólice ID: a00SG00000ddgx3YAA
  - Proposta__c: DE '253030' PARA '255537'
  - Data_de_Emissao__c: DE '' PARA '2026-08-01'
  - Cotacao__c: DE '' PARA '0Q0SG00000ExH810AF'

Apólice ID: a00SG00000ddgx3YAA
  - Proposta__c: DE '253030' PARA '255537'
  - Data_de_Emissao__c: DE '' PARA '2026-08-01'
  - Cotacao__c: DE '' PARA '0Q0SG00000ExH810AF'

Apólice ID: a00SG00000ddgx3YAA
  - Proposta__c: DE '253030' PARA '255537'
  - Data_de_Emissao__c: DE '' PARA '2026-08-01'
  - Cotacao__c: DE '' PARA '0Q0SG00000ExH810AF'

Apólice ID: a00SG00000ddgx3YAA
  - Proposta__c: DE '253030' PARA '255537'
  - Data_de_Emissao__c: DE '' PARA '2026-08-01'
  - Cotacao__c: DE '' PARA '0Q0SG00000ExH810AF'

Apólice ID: a00SG00000ddgx3YAA
  - Proposta__c: DE '253030' PARA '255537'
  - Data_de_Emissao__c: DE '' PARA '2026-08-01'
  - Cotacao__c: DE '' PARA '0Q0SG00000ExH810AF'

Apólice ID: a00SG00000ddgx3YAA
  - Proposta__c: DE '253030' PARA '255537'
  - Data_de_Emissao__c: DE '' PARA '2026-08-01'
  - Cotacao__c: DE '' PARA '0Q0SG00000ExH810AF'

Apólice ID: a00SG00000ddgx3YAA
  - Proposta__c: DE '253030' PARA '255537'
  - Data_de_Emissao__c: DE '' PARA '2026-08-01'
  - Cotacao__c: DE '' PARA '0Q0SG00000ExH810AF'

Apólice ID: a00SG00000ddgx3YAA
  - Proposta__c: DE '253030' PARA '255537'
  - Data_de_Emissao__c: DE '' PARA '2026-08-01'
  - Cotacao__c: DE '' PARA '0Q0SG00000ExH810AF'

Apólice ID: a00SG00000ddgx3YAA
  - Proposta__c: DE '253030' PARA '255537'
  - Data_de_Emissao__c: DE '' PARA '2026-08-01'
  - Cotacao__c: DE '' PARA '0Q0SG00000ExH810AF'

Apólice ID: a00SG00000ddgx3YAA
  - Proposta__c: DE '253030' PARA '255537'
  - Data_de_Emissao__c: DE '' PARA '2026-08-01'
  - Cotacao__c: DE '' PARA '0Q0SG00000ExH810AF'

Apólice ID: a00SG00000lFIGUYA4
  - Proposta__c: DE '' PARA '255451'
  - Data_de_Emissao__c: DE '' PARA '2026-08-01'

Apólice ID: a00SG00000l9jHdYAI
  - Proposta__c: DE '' PARA '255402'
  - Data_de_Emissao__c: DE '' PARA '2026-07-30'
  - Cotacao__c: DE '0Q0SG00000H1' PARA '0Q0SG00000H1TuD0AV'

Apólice ID: a00SG00000l9jHfYAI
  - Proposta__c: DE '' PARA '255401'
  - Data_de_Emissao__c: DE '' PARA '2026-07-29'
  - Cotacao__c: DE '0Q0SG00000H1' PARA '0Q0SG00000H1TkX0AV'

Apólice ID: a00SG00000kgrWvYAI
  - Proposta__c: DE '' PARA '255101'
  - Data_de_Emissao__c: DE '' PARA '2026-07-29'
  - Cotacao__c: DE '0Q0SG00000Gg' PARA '0Q0SG00000GgTFh0AN'

Apólice ID: a00SG00000l9jHeYAI
  - Proposta__c: DE '' PARA '255400'
  - Data_de_Emissao__c: DE '' PARA '2026-07-29'
  - Cotacao__c: DE '0Q0SG00000H1' PARA '0Q0SG00000H1TFt0AN'

Apólice ID: a00SG00000kbt84YAA
  - Proposta__c: DE '' PARA '254950'
  - Data_de_Emissao__c: DE '' PARA '2026-07-24'
  - Cotacao__c: DE '0Q0SG00000Gnck' PARA '0Q0SG00000GnckT0AR'

Apólice ID: a00SG00000kTHMVYA4
  - Proposta__c: DE '' PARA '254890'
  - Data_de_Emissao__c: DE '' PARA '2026-07-24'
  - Cotacao__c: DE '0Q0SG00000GUwoX0A' PARA '0Q0SG00000GUwoX0AT'

Apólice ID: a00SG00000kTHMXYA4
  - Proposta__c: DE '' PARA '254901'
  - Data_de_Emissao__c: DE '' PARA '2026-07-16'
  - Cotacao__c: DE '0Q0SG00000GMnnG0A' PARA '0Q0SG00000GMnnG0AT'

