Relatório de Atualização - 13/08/2026 10:40:22
==================================================

Apólice ID: a00SG00000lFIGUYA4
  - Numero_da_Apolice__c: DE '' PARA '75405'
  - Proposta__c: DE '' PARA '255457'
  - Data_de_Emissao__c: DE '' PARA '2026-08-01'
  - Status__c: DE '' PARA 'Ativa'

Apólice ID: a00SG00000lFIGUYA4
  - Numero_da_Apolice__c: DE '' PARA '75405'
  - Proposta__c: DE '' PARA '255457'
  - Data_de_Emissao__c: DE '' PARA '2026-08-01'
  - Status__c: DE '' PARA 'Ativa'

Apólice ID: a00SG00000ksZpjYAE
  - Cotacao__c: DE '' PARA '0Q0SG00000Fk9UH0AZ'

Apólice ID: a00SG00000lFIGUYA4
  - Numero_da_Apolice__c: DE '' PARA '75405'
  - Proposta__c: DE '' PARA '255457'
  - Data_de_Emissao__c: DE '' PARA '2026-08-01'
  - Status__c: DE '' PARA 'Ativa'

Apólice ID: a00SG00000ddgx3YAA
  - Numero_da_Apolice__c: DE '' PARA '75502'
  - Proposta__c: DE '253027' PARA '255538'
  - Data_de_Emissao__c: DE '' PARA '2026-08-01'
  - Cotacao__c: DE '' PARA '0Q0SG00000ExH810AF'
  - Status__c: DE '' PARA 'Ativa'

Apólice ID: a00SG00000ddgx3YAA
  - Numero_da_Apolice__c: DE '' PARA '75502'
  - Proposta__c: DE '253027' PARA '255538'
  - Data_de_Emissao__c: DE '' PARA '2026-08-01'
  - Cotacao__c: DE '' PARA '0Q0SG00000ExH810AF'
  - Status__c: DE '' PARA 'Ativa'

Apólice ID: a00SG00000ksZpiYAE
  - Numero_da_Apolice__c: DE '' PARA '864818'
  - Data_de_Emissao__c: DE '' PARA '2026-06-25'
  - Status__c: DE '' PARA 'Ativa'

Apólice ID: a00SG00000ddgx3YAA
  - Numero_da_Apolice__c: DE '' PARA '75502'
  - Proposta__c: DE '253027' PARA '255538'
  - Data_de_Emissao__c: DE '' PARA '2026-08-01'
  - Cotacao__c: DE '' PARA '0Q0SG00000ExH810AF'
  - Status__c: DE '' PARA 'Ativa'

Apólice ID: a00SG00000ksZpiYAE
  - Numero_da_Apolice__c: DE '' PARA '864818'
  - Data_de_Emissao__c: DE '' PARA '2026-06-25'
  - Status__c: DE '' PARA 'Ativa'

Apólice ID: a00SG00000ddgx3YAA
  - Numero_da_Apolice__c: DE '' PARA '75502'
  - Proposta__c: DE '253027' PARA '255538'
  - Data_de_Emissao__c: DE '' PARA '2026-08-01'
  - Cotacao__c: DE '' PARA '0Q0SG00000ExH810AF'
  - Status__c: DE '' PARA 'Ativa'

Apólice ID: a00SG00000ddgx3YAA
  - Numero_da_Apolice__c: DE '' PARA '75502'
  - Proposta__c: DE '253027' PARA '255538'
  - Data_de_Emissao__c: DE '' PARA '2026-08-01'
  - Cotacao__c: DE '' PARA '0Q0SG00000ExH810AF'
  - Status__c: DE '' PARA 'Ativa'

Apólice ID: a00SG00000ddgx3YAA
  - Numero_da_Apolice__c: DE '' PARA '75502'
  - Proposta__c: DE '253027' PARA '255538'
  - Data_de_Emissao__c: DE '' PARA '2026-08-01'
  - Cotacao__c: DE '' PARA '0Q0SG00000ExH810AF'
  - Status__c: DE '' PARA 'Ativa'

Apólice ID: a00SG00000ddgx3YAA
  - Numero_da_Apolice__c: DE '' PARA '75502'
  - Proposta__c: DE '253027' PARA '255538'
  - Data_de_Emissao__c: DE '' PARA '2026-08-01'
  - Cotacao__c: DE '' PARA '0Q0SG00000ExH810AF'
  - Status__c: DE '' PARA 'Ativa'

Apólice ID: a00SG00000ddgx3YAA
  - Numero_da_Apolice__c: DE '' PARA '75502'
  - Proposta__c: DE '253027' PARA '255538'
  - Data_de_Emissao__c: DE '' PARA '2026-08-01'
  - Cotacao__c: DE '' PARA '0Q0SG00000ExH810AF'
  - Status__c: DE '' PARA 'Ativa'

Apólice ID: a00SG00000ddgx3YAA
  - Numero_da_Apolice__c: DE '' PARA '75502'
  - Proposta__c: DE '253027' PARA '255538'
  - Data_de_Emissao__c: DE '' PARA '2026-08-01'
  - Cotacao__c: DE '' PARA '0Q0SG00000ExH810AF'
  - Status__c: DE '' PARA 'Ativa'

Apólice ID: a00SG00000ksZpdYAE
  - Numero_da_Apolice__c: DE '' PARA '77584'
  - Proposta__c: DE '' PARA '253006'
  - Data_de_Emissao__c: DE '' PARA '2026-06-25'
  - Cotacao__c: DE '0Q0SG00000G3kO' PARA '0Q0SG00000G3kOT0AZ'
  - Status__c: DE '' PARA 'Ativa'

Apólice ID: a00SG00000lUTzUYAW
  - Numero_da_Apolice__c: DE '' PARA '306920269907751862272'
  - Proposta__c: DE '' PARA '255589'
  - Data_de_Emissao__c: DE '' PARA '2026-07-31'
  - Cotacao__c: DE '0Q0SG00000H7xE' PARA '0Q0SG00000H7xET0AZ'
  - Status__c: DE '' PARA 'Ativa'

Apólice ID: a00SG00000l9jHdYAI
  - Numero_da_Apolice__c: DE '' PARA '306920269907751862272'
  - Proposta__c: DE '' PARA '255402'
  - Data_de_Emissao__c: DE '' PARA '2026-07-30'
  - Cotacao__c: DE '0Q0SG00000H1' PARA '0Q0SG00000H1TuD0AV'
  - Status__c: DE '' PARA 'Ativa'

Apólice ID: a00SG00000kgrWvYAI
  - Numero_da_Apolice__c: DE '' PARA '1007507024597'
  - Proposta__c: DE '' PARA '255101'
  - Data_de_Emissao__c: DE '' PARA '2026-07-29'
  - Cotacao__c: DE '0Q0SG00000Gg' PARA '0Q0SG00000GgTFh0AN'
  - Status__c: DE '' PARA 'Ativa'

Apólice ID: a00SG00000l9jHeYAI
  - Numero_da_Apolice__c: DE '' PARA '306920269907751862272'
  - Proposta__c: DE '' PARA '255400'
  - Data_de_Emissao__c: DE '' PARA '2026-07-29'
  - Cotacao__c: DE '0Q0SG00000H1' PARA '0Q0SG00000H1TFt0AN'
  - Status__c: DE '' PARA 'Ativa'

Apólice ID: a00SG00000l9jHfYAI
  - Numero_da_Apolice__c: DE '' PARA '306920269907751862272'
  - Proposta__c: DE '' PARA '255401'
  - Data_de_Emissao__c: DE '' PARA '2026-07-29'
  - Cotacao__c: DE '0Q0SG00000H1' PARA '0Q0SG00000H1TkX0AV'
  - Status__c: DE '' PARA 'Ativa'

Apólice ID: a00SG00000kbt84YAA
  - Numero_da_Apolice__c: DE '' PARA '155587'
  - Proposta__c: DE '' PARA '254950'
  - Data_de_Emissao__c: DE '' PARA '2026-07-24'
  - Cotacao__c: DE '0Q0SG00000Gnck' PARA '0Q0SG00000GnckT0AR'
  - Status__c: DE '' PARA 'Ativa'

Apólice ID: a00SG00000kTHMVYA4
  - Numero_da_Apolice__c: DE '' PARA '2026100103510011648'
  - Proposta__c: DE '' PARA '254890'
  - Data_de_Emissao__c: DE '' PARA '2026-07-24'
  - Cotacao__c: DE '0Q0SG00000GUwoX0A' PARA '0Q0SG00000GUwoX0AT'
  - Status__c: DE '' PARA 'Ativa'

Apólice ID: a00SG00000kTHMXYA4
  - Numero_da_Apolice__c: DE '' PARA '101750000000104'
  - Proposta__c: DE '' PARA '254901'
  - Data_de_Emissao__c: DE '' PARA '2026-07-16'
  - Cotacao__c: DE '0Q0SG00000GMnnG0A' PARA '0Q0SG00000GMnnG0AT'
  - Status__c: DE '' PARA 'Ativa'

