Relatório de Atualização - 19/08/2026 09:38:53
==================================================

Apólice ID: a00SG00000lvWwLYAU
  - Status__c: DE '2' PARA 'Cancelada'

Apólice ID: a00SG00000h2GPrYAM
  - Proposta__c: DE '238303' PARA '253127'
  - Data_de_Emissao__c: DE '2025-07-25' PARA '2026-06-25'
  - Inicio_da_Vigencia__c: DE '2025-08-14' PARA '2026-08-14'
  - Termino_da_Vigencia__c: DE '2026-08-14' PARA '2027-08-14'
  - Cotacao__c: DE '0Q0SG00000FZfR30AL' PARA '0Q0SG00000EyyNp0AJ'
  - Premio_Quiver__c: DE '' PARA '0'

Apólice ID: a00SG00000lvWwNYAU
  - Cotacao__c: DE '0Q0SG00000HEj3V0A' PARA '0Q0SG00000HEj3V0AT'

Apólice ID: a00SG00000iRPykYAG
  - Proposta__c: DE '' PARA '253128'
  - Data_de_Emissao__c: DE '2025-08-14' PARA '2026-06-25'
  - Inicio_da_Vigencia__c: DE '2025-08-14' PARA '2026-08-14'
  - Termino_da_Vigencia__c: DE '2026-08-14' PARA '2027-08-14'
  - Cotacao__c: DE '' PARA '0Q0SG00000G5M6k0AF'
  - Premio_Quiver__c: DE '' PARA '0'

Apólice ID: a00SG00000kE4pPYAS
  - Numero_da_Apolice__c: DE '107750000017' PARA '107750000022'
  - Data_de_Emissao__c: DE '2026-07-14' PARA '2026-08-04'
  - Inicio_da_Vigencia__c: DE '2026-07-14' PARA '2026-08-04'
  - Termino_da_Vigencia__c: DE '2031-07-14' PARA '2031-08-04'

Apólice ID: a00SG00000ksZpiYAE
  - Proposta__c: DE '' PARA '252992'
  - Cotacao__c: DE '' PARA '0Q0SG00000H11590AB'

Apólice ID: a00SG00000ksZpiYAE
  - Proposta__c: DE '' PARA '252992'
  - Cotacao__c: DE '' PARA '0Q0SG00000H11590AB'

Apólice ID: a00SG00000ksZpdYAE
  - Cotacao__c: DE '0Q0SG00000G3kO' PARA '0Q0SG00000G3kOT0AZ'

Apólice ID: a00SG00000ddgx3YAA
  - Proposta__c: DE '' PARA '255537'
  - Data_de_Emissao__c: DE '2026-06-25' PARA '2026-08-01'

Apólice ID: a00SG00000ddgx3YAA
  - Proposta__c: DE '' PARA '255537'
  - Data_de_Emissao__c: DE '2026-06-25' PARA '2026-08-01'

Apólice ID: a00SG00000ddgx3YAA
  - Proposta__c: DE '' PARA '255537'
  - Data_de_Emissao__c: DE '2026-06-25' PARA '2026-08-01'

Apólice ID: a00SG00000ddgx3YAA
  - Proposta__c: DE '' PARA '255537'
  - Data_de_Emissao__c: DE '2026-06-25' PARA '2026-08-01'

Apólice ID: a00SG00000ddgx3YAA
  - Proposta__c: DE '' PARA '255537'
  - Data_de_Emissao__c: DE '2026-06-25' PARA '2026-08-01'

Apólice ID: a00SG00000ddgx3YAA
  - Proposta__c: DE '' PARA '255537'
  - Data_de_Emissao__c: DE '2026-06-25' PARA '2026-08-01'

Apólice ID: a00SG00000ddgx3YAA
  - Proposta__c: DE '' PARA '255537'
  - Data_de_Emissao__c: DE '2026-06-25' PARA '2026-08-01'

Apólice ID: a00SG00000ddgx3YAA
  - Proposta__c: DE '' PARA '255537'
  - Data_de_Emissao__c: DE '2026-06-25' PARA '2026-08-01'

Apólice ID: a00SG00000ddgx3YAA
  - Proposta__c: DE '' PARA '255537'
  - Data_de_Emissao__c: DE '2026-06-25' PARA '2026-08-01'

Apólice ID: a00SG00000ddgx3YAA
  - Proposta__c: DE '' PARA '255537'
  - Data_de_Emissao__c: DE '2026-06-25' PARA '2026-08-01'

Apólice ID: a00SG00000ddgx3YAA
  - Proposta__c: DE '' PARA '255537'
  - Data_de_Emissao__c: DE '2026-06-25' PARA '2026-08-01'

Apólice ID: a00SG00000lFIGUYA4
  - Proposta__c: DE '255457' PARA '255455'
  - Cotacao__c: DE '' PARA '0Q0SG00000H43aD0AR'

Apólice ID: a00SG00000ksZpjYAE
  - Numero_da_Apolice__c: DE '' PARA '930230509'
  - Proposta__c: DE '' PARA '255585'
  - Data_de_Emissao__c: DE '' PARA '2026-08-11'
  - Status__c: DE '' PARA 'Ativa'

Apólice ID: a00SG00000le6lKYAQ
  - Proposta__c: DE '' PARA '255664'
  - Data_de_Emissao__c: DE '2025-11-05' PARA '2026-08-14'
  - Inicio_da_Vigencia__c: DE '2026-01-01' PARA '2026-08-01'
  - Termino_da_Vigencia__c: DE '2026-12-31' PARA '2027-01-01'
  - Cotacao__c: DE '' PARA '0Q0SG00000HEglZ0AT'
  - Premio_Quiver__c: DE '' PARA '0'

Apólice ID: a00SG00000lUTzUYAW
  - Cotacao__c: DE '0Q0SG00000H7xE' PARA '0Q0SG00000H7xET0AZ'

Apólice ID: a00SG00000l9jHdYAI
  - Cotacao__c: DE '0Q0SG00000H1' PARA '0Q0SG00000H1TuD0AV'

Apólice ID: a00SG00000l9jHfYAI
  - Cotacao__c: DE '0Q0SG00000H1' PARA '0Q0SG00000H1TkX0AV'

Apólice ID: a00SG00000kgrWvYAI
  - Cotacao__c: DE '0Q0SG00000Gg' PARA '0Q0SG00000GgTFh0AN'

Apólice ID: a00SG00000l9jHeYAI
  - Cotacao__c: DE '0Q0SG00000H1' PARA '0Q0SG00000H1TFt0AN'

Apólice ID: a00SG00000kbt84YAA
  - Cotacao__c: DE '0Q0SG00000Gnck' PARA '0Q0SG00000GnckT0AR'

Apólice ID: a00SG00000kTHMVYA4
  - Cotacao__c: DE '0Q0SG00000GUwoX0A' PARA '0Q0SG00000GUwoX0AT'

