Relatório de Atualização - 07/08/2026 14:46:12
==================================================

Apólice ID: a00SG00000ksZpiYAE
  - Proposta__c: DE '252992' PARA '252991'

Apólice ID: a00SG00000ksZpdYAE
  - Proposta__c: DE '' PARA '253006'
  - Cotacao__c: DE '0Q0SG00000G3kO' PARA '0Q0SG00000G3kOT0AZ'

Apólice ID: a00SG00000ddgx3YAA
  - Proposta__c: DE '253029' PARA '253125'
  - Cotacao__c: DE '' PARA '0Q0SG00000ExH810AF'

Apólice ID: a00SG00000ddgx3YAA
  - Proposta__c: DE '253029' PARA '253125'
  - Cotacao__c: DE '' PARA '0Q0SG00000ExH810AF'

Apólice ID: a00SG00000ddgx3YAA
  - Proposta__c: DE '253029' PARA '253125'
  - Cotacao__c: DE '' PARA '0Q0SG00000ExH810AF'

Apólice ID: a00SG00000ddgx3YAA
  - Proposta__c: DE '253029' PARA '253125'
  - Cotacao__c: DE '' PARA '0Q0SG00000ExH810AF'

Apólice ID: a00SG00000ddgx3YAA
  - Proposta__c: DE '253029' PARA '253125'
  - Cotacao__c: DE '' PARA '0Q0SG00000ExH810AF'

Apólice ID: a00SG00000ddgx3YAA
  - Proposta__c: DE '253029' PARA '253125'
  - Cotacao__c: DE '' PARA '0Q0SG00000ExH810AF'

Apólice ID: a00SG00000ddgx3YAA
  - Proposta__c: DE '253029' PARA '253125'
  - Cotacao__c: DE '' PARA '0Q0SG00000ExH810AF'

Apólice ID: a00SG00000ddgx3YAA
  - Proposta__c: DE '253029' PARA '253125'
  - Cotacao__c: DE '' PARA '0Q0SG00000ExH810AF'

Apólice ID: a00SG00000ddgx3YAA
  - Proposta__c: DE '253029' PARA '253125'
  - Cotacao__c: DE '' PARA '0Q0SG00000ExH810AF'

Apólice ID: a00SG00000ddgx3YAA
  - Proposta__c: DE '253029' PARA '253125'
  - Cotacao__c: DE '' PARA '0Q0SG00000ExH810AF'

Apólice ID: a00SG00000ddgx3YAA
  - Proposta__c: DE '253029' PARA '253125'
  - Cotacao__c: DE '' PARA '0Q0SG00000ExH810AF'

Apólice ID: a00SG00000ddgx3YAA
  - Proposta__c: DE '253029' PARA '253125'
  - Cotacao__c: DE '' PARA '0Q0SG00000ExH810AF'

Apólice ID: a00SG00000lFIGUYA4
  - Proposta__c: DE '255451' PARA '255455'

Apólice ID: a00SG00000l9jHdYAI
  - Proposta__c: DE '' PARA '255402'
  - Cotacao__c: DE '0Q0SG00000H1' PARA '0Q0SG00000H1TuD0AV'

Apólice ID: a00SG00000l9jHeYAI
  - Proposta__c: DE '' PARA '255400'
  - Cotacao__c: DE '0Q0SG00000H1' PARA '0Q0SG00000H1TFt0AN'

Apólice ID: a00SG00000kgrWvYAI
  - Proposta__c: DE '' PARA '255101'
  - Cotacao__c: DE '0Q0SG00000Gg' PARA '0Q0SG00000GgTFh0AN'

Apólice ID: a00SG00000l9jHfYAI
  - Proposta__c: DE '' PARA '255401'
  - Cotacao__c: DE '0Q0SG00000H1' PARA '0Q0SG00000H1TkX0AV'

Apólice ID: a00SG00000kbt84YAA
  - Proposta__c: DE '' PARA '254950'
  - Cotacao__c: DE '0Q0SG00000Gnck' PARA '0Q0SG00000GnckT0AR'

Apólice ID: a00SG00000kTHMVYA4
  - Proposta__c: DE '' PARA '254890'
  - Cotacao__c: DE '0Q0SG00000GUwoX0A' PARA '0Q0SG00000GUwoX0AT'

Apólice ID: a00SG00000kTHMXYA4
  - Proposta__c: DE '' PARA '254901'
  - Cotacao__c: DE '0Q0SG00000GMnnG0A' PARA '0Q0SG00000GMnnG0AT'

Apólice ID: a00SG00000jZpSMYA0
  - Proposta__c: DE '' PARA '254025'
  - Cotacao__c: DE '0Q0SG00000GRC' PARA '0Q0SG00000GRCTh0AP'

Apólice ID: a00SG00000jwd95YAA
  - Proposta__c: DE '' PARA '254486'
  - Cotacao__c: DE '0Q0SG00000GZR' PARA '0Q0SG00000GZRTx0AP'

