Relatório de Atualização - 10/08/2026 09:29:38
==================================================

Apólice ID: a00SG00000ksZpiYAE
  - Proposta__c: DE '252991' PARA '252992'
  - Cotacao__c: DE '' PARA '0Q0SG00000H11590AB'

Apólice ID: a00SG00000ksZpiYAE
  - Proposta__c: DE '252991' PARA '252992'
  - Cotacao__c: DE '' PARA '0Q0SG00000H11590AB'

Apólice ID: a00SG00000ksZpdYAE
  - Cotacao__c: DE '0Q0SG00000G3kO' PARA '0Q0SG00000G3kOT0AZ'

Apólice ID: a00SG00000ddgx3YAA
  - Proposta__c: DE '253032' PARA '255537'
  - Data_de_Emissao__c: DE '2026-06-25' PARA '2026-08-01'

Apólice ID: a00SG00000ddgx3YAA
  - Proposta__c: DE '253032' PARA '255537'
  - Data_de_Emissao__c: DE '2026-06-25' PARA '2026-08-01'

Apólice ID: a00SG00000ddgx3YAA
  - Proposta__c: DE '253032' PARA '255537'
  - Data_de_Emissao__c: DE '2026-06-25' PARA '2026-08-01'

Apólice ID: a00SG00000ddgx3YAA
  - Proposta__c: DE '253032' PARA '255537'
  - Data_de_Emissao__c: DE '2026-06-25' PARA '2026-08-01'

Apólice ID: a00SG00000ddgx3YAA
  - Proposta__c: DE '253032' PARA '255537'
  - Data_de_Emissao__c: DE '2026-06-25' PARA '2026-08-01'

Apólice ID: a00SG00000ddgx3YAA
  - Proposta__c: DE '253032' PARA '255537'
  - Data_de_Emissao__c: DE '2026-06-25' PARA '2026-08-01'

Apólice ID: a00SG00000ddgx3YAA
  - Proposta__c: DE '253032' PARA '255537'
  - Data_de_Emissao__c: DE '2026-06-25' PARA '2026-08-01'

Apólice ID: a00SG00000ddgx3YAA
  - Proposta__c: DE '253032' PARA '255537'
  - Data_de_Emissao__c: DE '2026-06-25' PARA '2026-08-01'

Apólice ID: a00SG00000ddgx3YAA
  - Proposta__c: DE '253032' PARA '255537'
  - Data_de_Emissao__c: DE '2026-06-25' PARA '2026-08-01'

Apólice ID: a00SG00000ddgx3YAA
  - Proposta__c: DE '253032' PARA '255537'
  - Data_de_Emissao__c: DE '2026-06-25' PARA '2026-08-01'

Apólice ID: a00SG00000ddgx3YAA
  - Proposta__c: DE '253032' PARA '255537'
  - Data_de_Emissao__c: DE '2026-06-25' PARA '2026-08-01'

Apólice ID: a00SG00000lFIGUYA4
  - Proposta__c: DE '255457' PARA '255451'
  - Cotacao__c: DE '' PARA '0Q0SG00000H43aD0AR'

Apólice ID: a00SG00000l9jHdYAI
  - Cotacao__c: DE '0Q0SG00000H1' PARA '0Q0SG00000H1TuD0AV'

Apólice ID: a00SG00000l9jHfYAI
  - Cotacao__c: DE '0Q0SG00000H1' PARA '0Q0SG00000H1TkX0AV'

Apólice ID: a00SG00000kgrWvYAI
  - Cotacao__c: DE '0Q0SG00000Gg' PARA '0Q0SG00000GgTFh0AN'

Apólice ID: a00SG00000l9jHeYAI
  - Cotacao__c: DE '0Q0SG00000H1' PARA '0Q0SG00000H1TFt0AN'

Apólice ID: a00SG00000kbt84YAA
  - Cotacao__c: DE '0Q0SG00000Gnck' PARA '0Q0SG00000GnckT0AR'

Apólice ID: a00SG00000kTHMVYA4
  - Cotacao__c: DE '0Q0SG00000GUwoX0A' PARA '0Q0SG00000GUwoX0AT'

Apólice ID: a00SG00000kTHMXYA4
  - Cotacao__c: DE '0Q0SG00000GMnnG0A' PARA '0Q0SG00000GMnnG0AT'

